    <html>
    <head>
        <title>pop-os System Info </title>
    </head>

    <body>
        <h1>pop-os System Info </h1>
<p>Updated on 10/04/2020 11:42:45 AM EDT by root</p>
<h2>System release info</h2>
<pre>
Distributor ID:	Pop
Description:	Pop!_OS 20.04 LTS
Release:	20.04
Codename:	focal
Kernel version: #46~1598628707~20.04~040157c-Ubuntu SMP Fri Aug 28 18:02:16 UTC 
Architecture:                    x86_64
CPU op-mode(s):                  32-bit, 64-bit
Byte Order:                      Little Endian
Address sizes:                   43 bits physical, 48 bits virtual
CPU(s):                          2
On-line CPU(s) list:             0,1
Thread(s) per core:              1
Core(s) per socket:              1
Socket(s):                       2
NUMA node(s):                    1
Vendor ID:                       GenuineIntel
CPU family:                      6
Model:                           142
Model name:                      Intel(R) Core(TM) i7-8550U CPU @ 1.80GHz
Stepping:                        10
CPU MHz:                         1992.000
BogoMIPS:                        3984.00
Hypervisor vendor:               VMware
Virtualization type:             full
L1d cache:                       64 KiB
L1i cache:                       64 KiB
L2 cache:                        512 KiB
L3 cache:                        16 MiB
NUMA node0 CPU(s):               0,1
Vulnerability Itlb multihit:     KVM: Vulnerable
Vulnerability L1tf:              Mitigation; PTE Inversion
Vulnerability Mds:               Mitigation; Clear CPU buffers; SMT Host state unknown
Vulnerability Meltdown:          Mitigation; PTI
Vulnerability Spec store bypass: Mitigation; Speculative Store Bypass disabled via prctl and seccomp
Vulnerability Spectre v1:        Mitigation; usercopy/swapgs barriers and __user pointer sanitization
Vulnerability Spectre v2:        Mitigation; Full generic retpoline, IBPB conditional, IBRS_FW, STIBP disabled, RSB filling
Vulnerability Srbds:             Unknown: Dependent on hypervisor status
Vulnerability Tsx async abort:   Not affected
Flags:                           fpu vme de pse tsc msr pae mce cx8 apic sep mtrr pge mca cmov pat pse36 clflush mmx fxsr sse sse2 ss syscall nx pdpe1gb rdtscp lm constant_tsc arch_perfmon nopl xtopology tsc_reliable nonstop_tsc cpuid pni pclmulqdq ssse3 fma cx16 pcid sse4_1 sse4_2 x2apic movbe popcnt tsc_deadline_timer aes xsave avx f16c rdrand hypervisor lahf_lm abm 3dnowprefetch cpuid_fault invpcid_single pti ssbd ibrs ibpb stibp fsgsbase tsc_adjust bmi1 avx2 smep bmi2 invpcid rdseed adx smap clflushopt xsaveopt xsavec xsaves arat md_clear flush_l1d arch_capabilities
IP: 1: lo: <LOOPBACK,UP,LOWER_UP> mtu 65536 qdisc noqueue state UNKNOWN group default qlen 1000
    link/loopback 00:00:00:00:00:00 brd 00:00:00:00:00:00
    inet 127.0.0.1/8 scope host lo
       valid_lft forever preferred_lft forever
    inet6 ::1/128 scope host 
       valid_lft forever preferred_lft forever
2: ens33: <BROADCAST,MULTICAST,UP,LOWER_UP> mtu 1500 qdisc fq_codel state UP group default qlen 1000
    link/ether 00:0c:29:4b:41:3b brd ff:ff:ff:ff:ff:ff
    inet 192.168.80.128/24 brd 192.168.80.255 scope global dynamic noprefixroute ens33
       valid_lft 967sec preferred_lft 967sec
    inet6 fe80::90:3d99:6a29:901b/64 scope link noprefixroute 
       valid_lft forever preferred_lft forever
</pre>
<h2>System uptime</h>
<pre>
 11:42:45 up 44 min,  1 user,  load average: 0.22, 0.12, 0.08
</pre>
<h2>Filesystem spack</h2>
<pre>
Filesystem     1K-blocks    Used Available Use% Mounted on
udev             1955844       0   1955844   0% /dev
tmpfs             400228    2036    398192   1% /run
/dev/sda1       16444280 7308348   8280896  47% /
tmpfs            2001124       0   2001124   0% /dev/shm
tmpfs               5120       0      5120   0% /run/lock
tmpfs            2001124       0   2001124   0% /sys/fs/cgroup
/dev/loop0        150016  150016         0 100% /snap/code/45
/dev/loop1        150016  150016         0 100% /snap/code/46
/dev/loop2         99456   99456         0 100% /snap/core/9993
tmpfs             400224      16    400208   1% /run/user/110
tmpfs             400224      24    400200   1% /run/user/1000
/dev/sr0         2221696 2221696         0 100% /media/hunter-spack/Pop_OS 20.04 amd64
Disk /dev/loop0: 146.46 MiB, 153567232 bytes, 299936 sectors
Units: sectors of 1 * 512 = 512 bytes
Sector size (logical/physical): 512 bytes / 512 bytes
I/O size (minimum/optimal): 512 bytes / 512 bytes


Disk /dev/loop1: 146.46 MiB, 153567232 bytes, 299936 sectors
Units: sectors of 1 * 512 = 512 bytes
Sector size (logical/physical): 512 bytes / 512 bytes
I/O size (minimum/optimal): 512 bytes / 512 bytes


Disk /dev/loop2: 97.6 MiB, 101777408 bytes, 198784 sectors
Units: sectors of 1 * 512 = 512 bytes
Sector size (logical/physical): 512 bytes / 512 bytes
I/O size (minimum/optimal): 512 bytes / 512 bytes


Disk /dev/sda: 20 GiB, 21474836480 bytes, 41943040 sectors
Disk model: VMware Virtual S
Units: sectors of 1 * 512 = 512 bytes
Sector size (logical/physical): 512 bytes / 512 bytes
I/O size (minimum/optimal): 512 bytes / 512 bytes
Disklabel type: dos
Disk identifier: 0xb8509a53

Device     Boot    Start      End  Sectors Size Id Type
/dev/sda1           4096 33550334 33546239  16G 83 Linux
/dev/sda2       33550336 41938942  8388607   4G 82 Linux swap / Solaris


Disk /dev/sdb: 20 GiB, 21474836480 bytes, 41943040 sectors
Disk model: VMware Virtual S
Units: sectors of 1 * 512 = 512 bytes
Sector size (logical/physical): 512 bytes / 512 bytes
I/O size (minimum/optimal): 512 bytes / 512 bytes


Disk /dev/mapper/cryptswap: 3.102 GiB, 4294442496 bytes, 8387583 sectors
Units: sectors of 1 * 512 = 512 bytes
Sector size (logical/physical): 512 bytes / 512 bytes
I/O size (minimum/optimal): 512 bytes / 512 bytes
              total        used        free      shared  buff/cache   available
Mem:          3.8Gi       1.3Gi       1.8Gi       3.0Mi       772Mi       2.3Gi
Swap:         4.0Gi          0B       4.0Gi
</pre>
<h2>Home directory space by user</h2>
<pre>
Bytes Directory
389472	/home/hunter-spack
51492	/home/bob
24	/home/fred
24	/home/alice
16	/home/charlie
</pre>
<h2>Logname and mail</h2>
<pre>root</pre>
<pre>/var/mail/root</pre>
    </body>
    </html>
